10-12 12:16:04.974  1998  4190 W BroadcastQueue: Background execution not allowed: receiving Intent { act=android.intent.action.PACKAGE_REMOVED dat=package:com.example.agrogesf flg=0x4000010 (has extras) } to com.android.vending/com.google.android.finsky.packagemonitor.impl.PackageMonitorReceiverImpl$RegisteredReceiver
10-12 12:16:04.979  1998  2126 W BroadcastQueue: Background execution not allowed: receiving Intent { act=android.intent.action.PACKAGE_REMOVED dat=package:com.example.agrogesf flg=0x4000010 (has extras) } to com.android.vending/com.google.android.finsky.packagemonitor.backgroundimpl.BackgroundPackageMonitorReceiverImpl$RegisteredReceiver
10-12 12:16:04.979  1998  2126 W BroadcastQueue: Background execution not allowed: receiving Intent { act=android.intent.action.PACKAGE_REMOVED dat=package:com.example.agrogesf flg=0x4000010 (has extras) } to com.android.vending/com.google.android.finsky.instantapps.appmanagement.InstantAppRemoveMonitor
10-12 12:16:04.979  1998  2126 W BroadcastQueue: Background execution not allowed: receiving Intent { act=android.intent.action.PACKAGE_REMOVED dat=package:com.example.agrogesf flg=0x4000010 (has extras) } to com.google.android.gms/.chimera.GmsIntentOperationService$PersistentTrustedReceiver
10-12 12:16:04.979  1998  2126 W BroadcastQueue: Background execution not allowed: receiving Intent { act=android.intent.action.PACKAGE_REMOVED dat=package:com.example.agrogesf flg=0x4000010 (has extras) } to com.google.android.videos/com.google.android.libraries.social.peoplekit.thirdparty.viewcontrollers.ThirdPartyReceiver
10-12 12:16:04.979  1998  2126 W BroadcastQueue: Background execution not allowed: receiving Intent { act=android.intent.action.PACKAGE_REMOVED dat=package:com.example.agrogesf flg=0x4000010 (has extras) } to app.revanced.android.gms/org.microg.gms.gcm.UnregisterReceiver
10-12 12:16:04.979  1998  2126 W BroadcastQueue: Background execution not allowed: receiving Intent { act=android.intent.action.PACKAGE_REMOVED dat=package:com.example.agrogesf flg=0x4000010 (has extras) } to br.com.intermedium/br.com.topaz.heartbeat.broadcast.PackageListener
10-12 12:16:04.987  1998  2126 W BroadcastQueue: Background execution not allowed: receiving Intent { act=android.intent.action.PACKAGE_REMOVED dat=package:com.example.agrogesf flg=0x4000010 (has extras) } to br.com.vivo/br.com.topaz.heartbeat.broadcast.PackageListener
10-12 12:16:05.020  1998  4093 W BroadcastQueue: Background execution not allowed: receiving Intent { act=android.intent.action.PACKAGE_ADDED dat=package:com.example.agrogesf flg=0x4000010 (has extras) } to com.google.android.packageinstaller/com.android.packageinstaller.PackageInstalledReceiver
10-12 12:16:05.024  1998  2126 W BroadcastQueue: Background execution not allowed: receiving Intent { act=android.intent.action.PACKAGE_ADDED dat=package:com.example.agrogesf flg=0x4000010 (has extras) } to com.android.vending/com.google.android.finsky.packagemonitor.impl.PackageMonitorReceiverImpl$RegisteredReceiver
10-12 12:16:05.024  1998  2126 W BroadcastQueue: Background execution not allowed: receiving Intent { act=android.intent.action.PACKAGE_ADDED dat=package:com.example.agrogesf flg=0x4000010 (has extras) } to com.android.vending/com.google.android.finsky.packagemonitor.backgroundimpl.BackgroundPackageMonitorReceiverImpl$RegisteredReceiver
10-12 12:16:05.024  1998  2126 W BroadcastQueue: Background execution not allowed: receiving Intent { act=android.intent.action.PACKAGE_ADDED dat=package:com.example.agrogesf flg=0x4000010 (has extras) } to com.google.android.apps.nbu.files/.documentbrowser.browselanding.rootcontainerlist.receiver.PackageChangeReceiver_Receiver
10-12 12:16:05.024  1998  2126 W BroadcastQueue: Background execution not allowed: receiving Intent { act=android.intent.action.PACKAGE_ADDED dat=package:com.example.agrogesf flg=0x4000010 (has extras) } to com.google.android.gms/.chimera.GmsIntentOperationService$PersistentTrustedReceiver
10-12 12:16:05.024  1998  2126 W BroadcastQueue: Background execution not allowed: receiving Intent { act=android.intent.action.PACKAGE_ADDED dat=package:com.example.agrogesf flg=0x4000010 (has extras) } to com.google.android.gms/.gass.chimera.PackageChangeBroadcastReceiver
10-12 12:16:05.025  1998  2126 W BroadcastQueue: Background execution not allowed: receiving Intent { act=android.intent.action.PACKAGE_ADDED dat=package:com.example.agrogesf flg=0x4000010 (has extras) } to br.com.intermedium/br.com.topaz.heartbeat.broadcast.PackageListener
10-12 12:16:05.025  1998  2126 W BroadcastQueue: Background execution not allowed: receiving Intent { act=android.intent.action.PACKAGE_ADDED dat=package:com.example.agrogesf flg=0x4000010 (has extras) } to br.com.vivo/br.com.topaz.heartbeat.broadcast.PackageListener
10-12 12:16:05.025  1998  2126 W BroadcastQueue: Background execution not allowed: receiving Intent { act=android.intent.action.PACKAGE_ADDED dat=package:com.example.agrogesf flg=0x4000010 (has extras) } to com.facebook.katana/com.facebook.feed.platformads.AppInstallReceiver
10-12 12:16:05.476  1998  4093 W BroadcastQueue: Background execution not allowed: receiving Intent { act=android.intent.action.PACKAGE_REPLACED dat=package:com.example.agrogesf flg=0x4000010 (has extras) } to com.google.android.apps.nbu.files/.documentbrowser.browselanding.rootcontainerlist.receiver.PackageChangeReceiver_Receiver
10-12 12:16:05.479  1998  2126 W BroadcastQueue: Background execution not allowed: receiving Intent { act=android.intent.action.PACKAGE_REPLACED dat=package:com.example.agrogesf flg=0x4000010 (has extras) } to com.google.android.gms/.chimera.GmsIntentOperationService$PersistentTrustedReceiver
10-12 12:16:05.479  1998  2126 W BroadcastQueue: Background execution not allowed: receiving Intent { act=android.intent.action.PACKAGE_REPLACED dat=package:com.example.agrogesf flg=0x4000010 (has extras) } to com.google.android.gms/.gass.chimera.PackageChangeBroadcastReceiver
10-12 12:16:09.790  3656  3656 I GoogleInputMethodService: GoogleInputMethodService.onStartInput():1346 onStartInput(EditorInfo{EditorInfo{packageName=com.example.agrogesf, inputType=8001, inputTypeString=Normal[AutoCorrect], enableLearning=true, autoCorrection=true, autoComplete=true, imeOptions=2000006, privateImeOptions=null, actionName=DONE, actionLabel=null, initialSelStart=0, initialSelEnd=0, initialCapsMode=0, label=null, fieldId=-1, fieldName=null, extras=Bundle[mParcelledData.dataSize=240], hintText=null, hintLocales=[]}}, false)
10-12 12:16:09.888  3656  3656 I GoogleInputMethodService: GoogleInputMethodService.onStartInput():1346 onStartInput(EditorInfo{EditorInfo{packageName=com.example.agrogesf, inputType=8001, inputTypeString=Normal[AutoCorrect], enableLearning=true, autoCorrection=true, autoComplete=true, imeOptions=2000006, privateImeOptions=null, actionName=DONE, actionLabel=null, initialSelStart=0, initialSelEnd=0, initialCapsMode=0, label=null, fieldId=-1, fieldName=null, extras=Bundle[mParcelledData.dataSize=240], hintText=null, hintLocales=[]}}, true)
10-12 12:16:09.908  3656  3656 I GoogleInputMethodService: GoogleInputMethodService.onStartInputView():1439 onStartInputView(EditorInfo{EditorInfo{packageName=com.example.agrogesf, inputType=8001, inputTypeString=Normal[AutoCorrect], enableLearning=true, autoCorrection=true, autoComplete=true, imeOptions=2000006, privateImeOptions=null, actionName=DONE, actionLabel=null, initialSelStart=0, initialSelEnd=0, initialCapsMode=0, label=null, fieldId=-1, fieldName=null, extras=Bundle[{android.support.text.emoji.emojiCompat_metadataVersion=11, android.support.text.emoji.emojiCompat_replaceAll=false}], hintText=null, hintLocales=[]}}, false)
10-12 12:16:10.194  3656  3656 I AndroidIME: AbstractIme.onActivate():96 LatinIme.onActivate() : EditorInfo = EditorInfo{packageName=com.example.agrogesf, inputType=8001, inputTypeString=Normal[AutoCorrect], enableLearning=true, autoCorrection=true, autoComplete=true, imeOptions=2000006, privateImeOptions=null, actionName=DONE, actionLabel=null, initialSelStart=0, initialSelEnd=0, initialCapsMode=0, label=null, fieldId=-1, fieldName=null, extras=Bundle[{android.support.text.emoji.emojiCompat_metadataVersion=11, android.support.text.emoji.emojiCompat_replaceAll=false}], hintText=null, hintLocales=[]}, IncognitoMode = false, DeviceLocked = false
10-12 12:16:11.789  3656  3656 I GoogleInputMethodService: GoogleInputMethodService.onStartInput():1346 onStartInput(EditorInfo{EditorInfo{packageName=com.example.agrogesf, inputType=0, inputTypeString=NULL, enableLearning=false, autoCorrection=false, autoComplete=false, imeOptions=0, privateImeOptions=null, actionName=UNSPECIFIED, actionLabel=null, initialSelStart=-1, initialSelEnd=-1, initialCapsMode=0, label=null, fieldId=-1, fieldName=null, extras=null, hintText=null, hintLocales=[]}}, true)
10-12 12:16:11.792  3656  3656 I GoogleInputMethodService: GoogleInputMethodService.onStartInputView():1439 onStartInputView(EditorInfo{EditorInfo{packageName=com.example.agrogesf, inputType=0, inputTypeString=NULL, enableLearning=false, autoCorrection=false, autoComplete=false, imeOptions=0, privateImeOptions=null, actionName=UNSPECIFIED, actionLabel=null, initialSelStart=-1, initialSelEnd=-1, initialCapsMode=0, label=null, fieldId=-1, fieldName=null, extras=null, hintText=null, hintLocales=[]}}, true)
10-12 12:16:11.809  3656  3656 I AndroidIME: AbstractIme.onActivate():96 PasswordIme.onActivate() : EditorInfo = EditorInfo{packageName=com.example.agrogesf, inputType=0, inputTypeString=NULL, enableLearning=false, autoCorrection=false, autoComplete=false, imeOptions=0, privateImeOptions=null, actionName=UNSPECIFIED, actionLabel=null, initialSelStart=-1, initialSelEnd=-1, initialCapsMode=0, label=null, fieldId=-1, fieldName=null, extras=null, hintText=null, hintLocales=[]}, IncognitoMode = false, DeviceLocked = false
10-12 12:16:13.174  1998  2641 V WindowManager: Changing focus of displayId=0 to null from Window{2d64f97 u0 com.example.agrogesf/com.example.agrogesf.MainActivity}
10-12 12:16:17.153  1998  4088 V WindowManager: Changing focus of displayId=0 to Window{2d64f97 u0 com.example.agrogesf/com.example.agrogesf.MainActivity} from null
10-12 12:16:17.214  3656  3656 I GoogleInputMethodService: GoogleInputMethodService.onStartInput():1346 onStartInput(EditorInfo{EditorInfo{packageName=com.example.agrogesf, inputType=0, inputTypeString=NULL, enableLearning=false, autoCorrection=false, autoComplete=false, imeOptions=0, privateImeOptions=null, actionName=UNSPECIFIED, actionLabel=null, initialSelStart=-1, initialSelEnd=-1, initialCapsMode=0, label=null, fieldId=-1, fieldName=null, extras=null, hintText=null, hintLocales=[]}}, false)
10-12 12:16:17.322  4392  9915 W DynamicVolume-DynamicVolumeService: onForegroundActivitiesChanged, record latest volume: a[packageName=com.example.agrogesf, time=Sun Oct 12 12:16:17 GMT-03:00 2025, startVolume=9]
10-12 12:16:18.756  3656  3656 I GoogleInputMethodService: GoogleInputMethodService.onStartInput():1346 onStartInput(EditorInfo{EditorInfo{packageName=com.example.agrogesf, inputType=8001, inputTypeString=Normal[AutoCorrect], enableLearning=true, autoCorrection=true, autoComplete=true, imeOptions=2000006, privateImeOptions=null, actionName=DONE, actionLabel=null, initialSelStart=0, initialSelEnd=0, initialCapsMode=0, label=null, fieldId=-1, fieldName=null, extras=Bundle[mParcelledData.dataSize=240], hintText=null, hintLocales=[]}}, true)
10-12 12:16:18.865  3656  3656 I GoogleInputMethodService: GoogleInputMethodService.onStartInputView():1439 onStartInputView(EditorInfo{EditorInfo{packageName=com.example.agrogesf, inputType=8001, inputTypeString=Normal[AutoCorrect], enableLearning=true, autoCorrection=true, autoComplete=true, imeOptions=2000006, privateImeOptions=null, actionName=DONE, actionLabel=null, initialSelStart=0, initialSelEnd=0, initialCapsMode=0, label=null, fieldId=-1, fieldName=null, extras=Bundle[{android.support.text.emoji.emojiCompat_metadataVersion=11, android.support.text.emoji.emojiCompat_replaceAll=false}], hintText=null, hintLocales=[]}}, false)
10-12 12:16:19.245  1998  2292 D InputDispatcher: Waiting to send key to Window{2d64f97 u0 com.example.agrogesf/com.example.agrogesf.MainActivity} because there are unprocessed events that may cause focus to change
10-12 12:16:19.295  3656  3656 I AndroidIME: AbstractIme.onActivate():96 LatinIme.onActivate() : EditorInfo = EditorInfo{packageName=com.example.agrogesf, inputType=8001, inputTypeString=Normal[AutoCorrect], enableLearning=true, autoCorrection=true, autoComplete=true, imeOptions=2000006, privateImeOptions=null, actionName=DONE, actionLabel=null, initialSelStart=0, initialSelEnd=0, initialCapsMode=0, label=null, fieldId=-1, fieldName=null, extras=Bundle[{android.support.text.emoji.emojiCompat_metadataVersion=11, android.support.text.emoji.emojiCompat_replaceAll=false}], hintText=null, hintLocales=[]}, IncognitoMode = false, DeviceLocked = false
10-12 12:16:19.746  1998  2292 W InputDispatcher: Dispatching key to Window{2d64f97 u0 com.example.agrogesf/com.example.agrogesf.MainActivity} even though there are other unprocessed events
10-12 12:16:19.750  1998  2292 D InputDispatcher: Waiting to send key to Window{2d64f97 u0 com.example.agrogesf/com.example.agrogesf.MainActivity} because there are unprocessed events that may cause focus to change
10-12 12:16:19.866  1998  2292 D InputDispatcher: Waiting to send key to Window{2d64f97 u0 com.example.agrogesf/com.example.agrogesf.MainActivity} because there are unprocessed events that may cause focus to change
10-12 12:16:20.191  1998  2292 D InputDispatcher: Waiting to send key to Window{2d64f97 u0 com.example.agrogesf/com.example.agrogesf.MainActivity} because there are unprocessed events that may cause focus to change
10-12 12:16:20.194  1998  2292 D InputDispatcher: Waiting to send key to Window{2d64f97 u0 com.example.agrogesf/com.example.agrogesf.MainActivity} because there are unprocessed events that may cause focus to change
10-12 12:16:20.430  1998  2292 D InputDispatcher: Waiting to send key to Window{2d64f97 u0 com.example.agrogesf/com.example.agrogesf.MainActivity} because there are unprocessed events that may cause focus to change
10-12 12:16:20.468  1998  2292 D InputDispatcher: Waiting to send key to Window{2d64f97 u0 com.example.agrogesf/com.example.agrogesf.MainActivity} because there are unprocessed events that may cause focus to change
10-12 12:16:21.155  1998  2292 D InputDispatcher: Waiting to send key to Window{2d64f97 u0 com.example.agrogesf/com.example.agrogesf.MainActivity} because there are unprocessed events that may cause focus to change
10-12 12:16:23.814  3656  3656 I GoogleInputMethodService: GoogleInputMethodService.onStartInput():1346 onStartInput(EditorInfo{EditorInfo{packageName=com.example.agrogesf, inputType=8001, inputTypeString=Normal[AutoCorrect], enableLearning=true, autoCorrection=true, autoComplete=true, imeOptions=2000006, privateImeOptions=null, actionName=DONE, actionLabel=null, initialSelStart=0, initialSelEnd=0, initialCapsMode=0, label=null, fieldId=-1, fieldName=null, extras=Bundle[mParcelledData.dataSize=240], hintText=null, hintLocales=[]}}, true)
10-12 12:16:23.816  3656  3656 I GoogleInputMethodService: GoogleInputMethodService.onStartInputView():1439 onStartInputView(EditorInfo{EditorInfo{packageName=com.example.agrogesf, inputType=8001, inputTypeString=Normal[AutoCorrect], enableLearning=true, autoCorrection=true, autoComplete=true, imeOptions=2000006, privateImeOptions=null, actionName=DONE, actionLabel=null, initialSelStart=0, initialSelEnd=0, initialCapsMode=0, label=null, fieldId=-1, fieldName=null, extras=Bundle[{android.support.text.emoji.emojiCompat_metadataVersion=11, android.support.text.emoji.emojiCompat_replaceAll=false}], hintText=null, hintLocales=[]}}, true)
10-12 12:16:23.977  3656  3656 I AndroidIME: AbstractIme.onActivate():96 LatinIme.onActivate() : EditorInfo = EditorInfo{packageName=com.example.agrogesf, inputType=8001, inputTypeString=Normal[AutoCorrect], enableLearning=true, autoCorrection=true, autoComplete=true, imeOptions=2000006, privateImeOptions=null, actionName=DONE, actionLabel=null, initialSelStart=0, initialSelEnd=0, initialCapsMode=0, label=null, fieldId=-1, fieldName=null, extras=Bundle[{android.support.text.emoji.emojiCompat_metadataVersion=11, android.support.text.emoji.emojiCompat_replaceAll=false}], hintText=null, hintLocales=[]}, IncognitoMode = false, DeviceLocked = false
10-12 12:16:26.369  1998  2292 D InputDispatcher: Waiting to send key to Window{2d64f97 u0 com.example.agrogesf/com.example.agrogesf.MainActivity} because there are unprocessed events that may cause focus to change
10-12 12:16:36.235  1998  2292 D InputDispatcher: Waiting to send key to Window{2d64f97 u0 com.example.agrogesf/com.example.agrogesf.MainActivity} because there are unprocessed events that may cause focus to change
10-12 12:16:37.824  1998  2292 D InputDispatcher: Waiting to send key to Window{2d64f97 u0 com.example.agrogesf/com.example.agrogesf.MainActivity} because there are unprocessed events that may cause focus to change
10-12 12:16:37.828  1998  2292 D InputDispatcher: Waiting to send key to Window{2d64f97 u0 com.example.agrogesf/com.example.agrogesf.MainActivity} because there are unprocessed events that may cause focus to change
10-12 12:16:37.833  1998  2292 D InputDispatcher: Waiting to send key to Window{2d64f97 u0 com.example.agrogesf/com.example.agrogesf.MainActivity} because there are unprocessed events that may cause focus to change
10-12 12:16:38.089  1998  2292 D InputDispatcher: Waiting to send key to Window{2d64f97 u0 com.example.agrogesf/com.example.agrogesf.MainActivity} because there are unprocessed events that may cause focus to change
10-12 12:16:40.208  1998  2292 D InputDispatcher: Waiting to send key to Window{2d64f97 u0 com.example.agrogesf/com.example.agrogesf.MainActivity} because there are unprocessed events that may cause focus to change
10-12 12:16:40.289  1998  2292 D InputDispatcher: Waiting to send key to Window{2d64f97 u0 com.example.agrogesf/com.example.agrogesf.MainActivity} because there are unprocessed events that may cause focus to change
10-12 12:16:45.846  1998  2035 V WindowManager: Changing focus of displayId=0 to Window{529e220 u0 Janela pop-up} from Window{2d64f97 u0 com.example.agrogesf/com.example.agrogesf.MainActivity}
10-12 12:16:45.899  1998  2035 V WindowManager: Changing focus of displayId=0 to Window{2d64f97 u0 com.example.agrogesf/com.example.agrogesf.MainActivity} from Window{529e220 u0 Janela pop-up}
10-12 12:16:51.232  3656  3656 I GoogleInputMethodService: GoogleInputMethodService.onStartInput():1346 onStartInput(EditorInfo{EditorInfo{packageName=com.example.agrogesf, inputType=8001, inputTypeString=Normal[AutoCorrect], enableLearning=true, autoCorrection=true, autoComplete=true, imeOptions=2000006, privateImeOptions=null, actionName=DONE, actionLabel=null, initialSelStart=18, initialSelEnd=18, initialCapsMode=0, label=null, fieldId=-1, fieldName=null, extras=Bundle[mParcelledData.dataSize=240], hintText=null, hintLocales=[]}}, true)
10-12 12:16:51.239  3656  3656 I GoogleInputMethodService: GoogleInputMethodService.onStartInputView():1439 onStartInputView(EditorInfo{EditorInfo{packageName=com.example.agrogesf, inputType=8001, inputTypeString=Normal[AutoCorrect], enableLearning=true, autoCorrection=true, autoComplete=true, imeOptions=2000006, privateImeOptions=null, actionName=DONE, actionLabel=null, initialSelStart=18, initialSelEnd=18, initialCapsMode=0, label=null, fieldId=-1, fieldName=null, extras=Bundle[{android.support.text.emoji.emojiCompat_metadataVersion=11, android.support.text.emoji.emojiCompat_replaceAll=false}], hintText=null, hintLocales=[]}}, false)
10-12 12:16:51.268  1998  2035 V WindowManager: Changing focus of displayId=0 to Window{2b2b38b u0 Janela pop-up} from Window{2d64f97 u0 com.example.agrogesf/com.example.agrogesf.MainActivity}
10-12 12:16:51.308  1998  4096 V WindowManager: Changing focus of displayId=0 to Window{2d64f97 u0 com.example.agrogesf/com.example.agrogesf.MainActivity} from Window{2b2b38b u0 Janela pop-up}
10-12 12:16:51.429  3656  3656 I AndroidIME: AbstractIme.onActivate():96 LatinIme.onActivate() : EditorInfo = EditorInfo{packageName=com.example.agrogesf, inputType=8001, inputTypeString=Normal[AutoCorrect], enableLearning=true, autoCorrection=true, autoComplete=true, imeOptions=2000006, privateImeOptions=null, actionName=DONE, actionLabel=null, initialSelStart=18, initialSelEnd=18, initialCapsMode=0, label=null, fieldId=-1, fieldName=null, extras=Bundle[{android.support.text.emoji.emojiCompat_metadataVersion=11, android.support.text.emoji.emojiCompat_replaceAll=false}], hintText=null, hintLocales=[]}, IncognitoMode = false, DeviceLocked = false
10-12 12:16:51.470  1998  2292 D InputDispatcher: Waiting to send key to Window{2d64f97 u0 com.example.agrogesf/com.example.agrogesf.MainActivity} because there are unprocessed events that may cause focus to change
10-12 12:16:52.581  3656  3656 I GoogleInputMethodService: GoogleInputMethodService.onStartInput():1346 onStartInput(EditorInfo{EditorInfo{packageName=com.example.agrogesf, inputType=8001, inputTypeString=Normal[AutoCorrect], enableLearning=true, autoCorrection=true, autoComplete=true, imeOptions=2000006, privateImeOptions=null, actionName=DONE, actionLabel=null, initialSelStart=18, initialSelEnd=18, initialCapsMode=0, label=null, fieldId=-1, fieldName=null, extras=Bundle[mParcelledData.dataSize=240], hintText=null, hintLocales=[]}}, true)
10-12 12:16:52.584  3656  3656 I GoogleInputMethodService: GoogleInputMethodService.onStartInputView():1439 onStartInputView(EditorInfo{EditorInfo{packageName=com.example.agrogesf, inputType=8001, inputTypeString=Normal[AutoCorrect], enableLearning=true, autoCorrection=true, autoComplete=true, imeOptions=2000006, privateImeOptions=null, actionName=DONE, actionLabel=null, initialSelStart=18, initialSelEnd=18, initialCapsMode=0, label=null, fieldId=-1, fieldName=null, extras=Bundle[{android.support.text.emoji.emojiCompat_metadataVersion=11, android.support.text.emoji.emojiCompat_replaceAll=false}], hintText=null, hintLocales=[]}}, true)
10-12 12:16:52.620  3656  3656 I AndroidIME: AbstractIme.onActivate():96 LatinIme.onActivate() : EditorInfo = EditorInfo{packageName=com.example.agrogesf, inputType=8001, inputTypeString=Normal[AutoCorrect], enableLearning=true, autoCorrection=true, autoComplete=true, imeOptions=2000006, privateImeOptions=null, actionName=DONE, actionLabel=null, initialSelStart=18, initialSelEnd=18, initialCapsMode=0, label=null, fieldId=-1, fieldName=null, extras=Bundle[{android.support.text.emoji.emojiCompat_metadataVersion=11, android.support.text.emoji.emojiCompat_replaceAll=false}], hintText=null, hintLocales=[]}, IncognitoMode = false, DeviceLocked = false
10-12 12:16:52.671  1998  2292 D InputDispatcher: Waiting to send key to Window{2d64f97 u0 com.example.agrogesf/com.example.agrogesf.MainActivity} because there are unprocessed events that may cause focus to change
10-12 12:16:58.920  1998  4096 V WindowManager: Changing focus of displayId=0 to Window{af44e2d u0 Janela pop-up} from Window{2d64f97 u0 com.example.agrogesf/com.example.agrogesf.MainActivity}
10-12 12:16:58.928  3656  3656 I GoogleInputMethodService: GoogleInputMethodService.onStartInput():1346 onStartInput(EditorInfo{EditorInfo{packageName=com.example.agrogesf, inputType=8001, inputTypeString=Normal[AutoCorrect], enableLearning=true, autoCorrection=true, autoComplete=true, imeOptions=2000006, privateImeOptions=null, actionName=DONE, actionLabel=null, initialSelStart=11, initialSelEnd=11, initialCapsMode=0, label=null, fieldId=-1, fieldName=null, extras=Bundle[mParcelledData.dataSize=240], hintText=null, hintLocales=[]}}, true)
10-12 12:16:58.930  3656  3656 I GoogleInputMethodService: GoogleInputMethodService.onStartInputView():1439 onStartInputView(EditorInfo{EditorInfo{packageName=com.example.agrogesf, inputType=8001, inputTypeString=Normal[AutoCorrect], enableLearning=true, autoCorrection=true, autoComplete=true, imeOptions=2000006, privateImeOptions=null, actionName=DONE, actionLabel=null, initialSelStart=11, initialSelEnd=11, initialCapsMode=0, label=null, fieldId=-1, fieldName=null, extras=Bundle[{android.support.text.emoji.emojiCompat_metadataVersion=11, android.support.text.emoji.emojiCompat_replaceAll=false}], hintText=null, hintLocales=[]}}, true)
10-12 12:16:58.964  1998  4096 V WindowManager: Changing focus of displayId=0 to Window{2d64f97 u0 com.example.agrogesf/com.example.agrogesf.MainActivity} from Window{af44e2d u0 Janela pop-up}
10-12 12:16:59.094  3656  3656 I AndroidIME: AbstractIme.onActivate():96 LatinIme.onActivate() : EditorInfo = EditorInfo{packageName=com.example.agrogesf, inputType=8001, inputTypeString=Normal[AutoCorrect], enableLearning=true, autoCorrection=true, autoComplete=true, imeOptions=2000006, privateImeOptions=null, actionName=DONE, actionLabel=null, initialSelStart=11, initialSelEnd=11, initialCapsMode=0, label=null, fieldId=-1, fieldName=null, extras=Bundle[{android.support.text.emoji.emojiCompat_metadataVersion=11, android.support.text.emoji.emojiCompat_replaceAll=false}], hintText=null, hintLocales=[]}, IncognitoMode = false, DeviceLocked = false
10-12 12:16:59.179  1998  2292 D InputDispatcher: Waiting to send key to Window{2d64f97 u0 com.example.agrogesf/com.example.agrogesf.MainActivity} because there are unprocessed events that may cause focus to change
10-12 12:17:00.326  1998  2292 D InputDispatcher: Waiting to send key to Window{2d64f97 u0 com.example.agrogesf/com.example.agrogesf.MainActivity} because there are unprocessed events that may cause focus to change
10-12 12:17:00.398  1998  2292 D InputDispatcher: Waiting to send key to Window{2d64f97 u0 com.example.agrogesf/com.example.agrogesf.MainActivity} because there are unprocessed events that may cause focus to change
10-12 12:17:03.595  3656  3656 I GoogleInputMethodService: GoogleInputMethodService.onStartInput():1346 onStartInput(EditorInfo{EditorInfo{packageName=com.example.agrogesf, inputType=0, inputTypeString=NULL, enableLearning=false, autoCorrection=false, autoComplete=false, imeOptions=0, privateImeOptions=null, actionName=UNSPECIFIED, actionLabel=null, initialSelStart=-1, initialSelEnd=-1, initialCapsMode=0, label=null, fieldId=-1, fieldName=null, extras=null, hintText=null, hintLocales=[]}}, true)
10-12 12:17:05.930  3656  3656 I GoogleInputMethodService: GoogleInputMethodService.onStartInput():1346 onStartInput(EditorInfo{EditorInfo{packageName=com.example.agrogesf, inputType=8001, inputTypeString=Normal[AutoCorrect], enableLearning=true, autoCorrection=true, autoComplete=true, imeOptions=2000006, privateImeOptions=null, actionName=DONE, actionLabel=null, initialSelStart=0, initialSelEnd=0, initialCapsMode=0, label=null, fieldId=-1, fieldName=null, extras=Bundle[mParcelledData.dataSize=240], hintText=null, hintLocales=[]}}, true)
10-12 12:17:05.938  3656  3656 I GoogleInputMethodService: GoogleInputMethodService.onStartInputView():1439 onStartInputView(EditorInfo{EditorInfo{packageName=com.example.agrogesf, inputType=8001, inputTypeString=Normal[AutoCorrect], enableLearning=true, autoCorrection=true, autoComplete=true, imeOptions=2000006, privateImeOptions=null, actionName=DONE, actionLabel=null, initialSelStart=0, initialSelEnd=0, initialCapsMode=0, label=null, fieldId=-1, fieldName=null, extras=Bundle[{android.support.text.emoji.emojiCompat_metadataVersion=11, android.support.text.emoji.emojiCompat_replaceAll=false}], hintText=null, hintLocales=[]}}, false)
10-12 12:17:05.967  3656  3656 I AndroidIME: AbstractIme.onActivate():96 LatinIme.onActivate() : EditorInfo = EditorInfo{packageName=com.example.agrogesf, inputType=8001, inputTypeString=Normal[AutoCorrect], enableLearning=true, autoCorrection=true, autoComplete=true, imeOptions=2000006, privateImeOptions=null, actionName=DONE, actionLabel=null, initialSelStart=0, initialSelEnd=0, initialCapsMode=0, label=null, fieldId=-1, fieldName=null, extras=Bundle[{android.support.text.emoji.emojiCompat_metadataVersion=11, android.support.text.emoji.emojiCompat_replaceAll=false}], hintText=null, hintLocales=[]}, IncognitoMode = false, DeviceLocked = false
10-12 12:17:12.858  1998  2292 D InputDispatcher: Waiting to send key to Window{2d64f97 u0 com.example.agrogesf/com.example.agrogesf.MainActivity} because there are unprocessed events that may cause focus to change
10-12 12:17:13.475  3656  3656 I GoogleInputMethodService: GoogleInputMethodService.onStartInputView():1439 onStartInputView(EditorInfo{EditorInfo{packageName=com.example.agrogesf, inputType=8001, inputTypeString=Normal[AutoCorrect], enableLearning=true, autoCorrection=true, autoComplete=true, imeOptions=2000006, privateImeOptions=null, actionName=DONE, actionLabel=null, initialSelStart=0, initialSelEnd=0, initialCapsMode=0, label=null, fieldId=-1, fieldName=null, extras=Bundle[{android.support.text.emoji.emojiCompat_metadataVersion=11, android.support.text.emoji.emojiCompat_replaceAll=false}], hintText=null, hintLocales=[]}}, false)
10-12 12:17:13.534  3656  3656 I AndroidIME: AbstractIme.onActivate():96 LatinIme.onActivate() : EditorInfo = EditorInfo{packageName=com.example.agrogesf, inputType=8001, inputTypeString=Normal[AutoCorrect], enableLearning=true, autoCorrection=true, autoComplete=true, imeOptions=2000006, privateImeOptions=null, actionName=DONE, actionLabel=null, initialSelStart=0, initialSelEnd=0, initialCapsMode=0, label=null, fieldId=-1, fieldName=null, extras=Bundle[{android.support.text.emoji.emojiCompat_metadataVersion=11, android.support.text.emoji.emojiCompat_replaceAll=false}], hintText=null, hintLocales=[]}, IncognitoMode = false, DeviceLocked = false
10-12 12:17:13.659  3656  3656 I GoogleInputMethodService: GoogleInputMethodService.onStartInput():1346 onStartInput(EditorInfo{EditorInfo{packageName=com.example.agrogesf, inputType=8001, inputTypeString=Normal[AutoCorrect], enableLearning=true, autoCorrection=true, autoComplete=true, imeOptions=2000006, privateImeOptions=null, actionName=DONE, actionLabel=null, initialSelStart=0, initialSelEnd=0, initialCapsMode=0, label=null, fieldId=-1, fieldName=null, extras=Bundle[mParcelledData.dataSize=240], hintText=null, hintLocales=[]}}, true)
10-12 12:17:13.662  3656  3656 I GoogleInputMethodService: GoogleInputMethodService.onStartInputView():1439 onStartInputView(EditorInfo{EditorInfo{packageName=com.example.agrogesf, inputType=8001, inputTypeString=Normal[AutoCorrect], enableLearning=true, autoCorrection=true, autoComplete=true, imeOptions=2000006, privateImeOptions=null, actionName=DONE, actionLabel=null, initialSelStart=0, initialSelEnd=0, initialCapsMode=0, label=null, fieldId=-1, fieldName=null, extras=Bundle[{android.support.text.emoji.emojiCompat_metadataVersion=11, android.support.text.emoji.emojiCompat_replaceAll=false}], hintText=null, hintLocales=[]}}, true)
10-12 12:17:13.803  1998  2292 D InputDispatcher: Waiting to send key to Window{2d64f97 u0 com.example.agrogesf/com.example.agrogesf.MainActivity} because there are unprocessed events that may cause focus to change
10-12 12:17:13.817  3656  3656 I AndroidIME: AbstractIme.onActivate():96 LatinIme.onActivate() : EditorInfo = EditorInfo{packageName=com.example.agrogesf, inputType=8001, inputTypeString=Normal[AutoCorrect], enableLearning=true, autoCorrection=true, autoComplete=true, imeOptions=2000006, privateImeOptions=null, actionName=DONE, actionLabel=null, initialSelStart=0, initialSelEnd=0, initialCapsMode=0, label=null, fieldId=-1, fieldName=null, extras=Bundle[{android.support.text.emoji.emojiCompat_metadataVersion=11, android.support.text.emoji.emojiCompat_replaceAll=false}], hintText=null, hintLocales=[]}, IncognitoMode = false, DeviceLocked = false
10-12 12:17:14.009  1998  2292 D InputDispatcher: Waiting to send key to Window{2d64f97 u0 com.example.agrogesf/com.example.agrogesf.MainActivity} because there are unprocessed events that may cause focus to change
10-12 12:17:14.079  3656  3656 I GoogleInputMethodService: GoogleInputMethodService.onStartInput():1346 onStartInput(EditorInfo{EditorInfo{packageName=com.example.agrogesf, inputType=8001, inputTypeString=Normal[AutoCorrect], enableLearning=true, autoCorrection=true, autoComplete=true, imeOptions=2000006, privateImeOptions=null, actionName=DONE, actionLabel=null, initialSelStart=11, initialSelEnd=11, initialCapsMode=0, label=null, fieldId=-1, fieldName=null, extras=Bundle[mParcelledData.dataSize=240], hintText=null, hintLocales=[]}}, true)
10-12 12:17:14.084  3656  3656 I GoogleInputMethodService: GoogleInputMethodService.onStartInputView():1439 onStartInputView(EditorInfo{EditorInfo{packageName=com.example.agrogesf, inputType=8001, inputTypeString=Normal[AutoCorrect], enableLearning=true, autoCorrection=true, autoComplete=true, imeOptions=2000006, privateImeOptions=null, actionName=DONE, actionLabel=null, initialSelStart=11, initialSelEnd=11, initialCapsMode=0, label=null, fieldId=-1, fieldName=null, extras=Bundle[{android.support.text.emoji.emojiCompat_metadataVersion=11, android.support.text.emoji.emojiCompat_replaceAll=false}], hintText=null, hintLocales=[]}}, true)
10-12 12:17:14.093  3656  3656 I AndroidIME: AbstractIme.onActivate():96 LatinIme.onActivate() : EditorInfo = EditorInfo{packageName=com.example.agrogesf, inputType=8001, inputTypeString=Normal[AutoCorrect], enableLearning=true, autoCorrection=true, autoComplete=true, imeOptions=2000006, privateImeOptions=null, actionName=DONE, actionLabel=null, initialSelStart=11, initialSelEnd=11, initialCapsMode=0, label=null, fieldId=-1, fieldName=null, extras=Bundle[{android.support.text.emoji.emojiCompat_metadataVersion=11, android.support.text.emoji.emojiCompat_replaceAll=false}], hintText=null, hintLocales=[]}, IncognitoMode = false, DeviceLocked = false
10-12 12:17:15.156  1998  2292 D InputDispatcher: Waiting to send key to Window{2d64f97 u0 com.example.agrogesf/com.example.agrogesf.MainActivity} because there are unprocessed events that may cause focus to change
10-12 12:17:15.248  1998  2292 D InputDispatcher: Waiting to send key to Window{2d64f97 u0 com.example.agrogesf/com.example.agrogesf.MainActivity} because there are unprocessed events that may cause focus to change
10-12 12:17:16.488 22598 22598 E AndroidRuntime: FATAL EXCEPTION: main
10-12 12:17:16.488 22598 22598 E AndroidRuntime: Process: com.example.agrogesf, PID: 22598
10-12 12:17:16.488 22598 22598 E AndroidRuntime: 	at com.example.agrogesf.MainActivityKt.AgroGESFApp(MainActivity.kt:88)
10-12 12:17:16.488 22598 22598 E AndroidRuntime: 	at com.example.agrogesf.MainActivityKt.AgroGESFApp$lambda$19(Unknown Source:6)
10-12 12:17:16.488 22598 22598 E AndroidRuntime: 	at com.example.agrogesf.MainActivityKt.$r8$lambda$35ihTxs-bVZSSfs6ALCa5Q1UJwM(Unknown Source:0)
10-12 12:17:16.488 22598 22598 E AndroidRuntime: 	at com.example.agrogesf.MainActivityKt$$ExternalSyntheticLambda8.invoke(D8$$SyntheticClass:0)
10-12 12:17:16.511  1998  4178 W ActivityTaskManager:   Force finishing activity com.example.agrogesf/.MainActivity
10-12 12:17:16.523  1998  4178 V WindowManager: Changing focus of displayId=0 to null from Window{2d64f97 u0 com.example.agrogesf/com.example.agrogesf.MainActivity}
10-12 12:17:16.782  1998  4177 I WindowManager: WIN DEATH: Window{2d64f97 u0 com.example.agrogesf/com.example.agrogesf.MainActivity}
